yarn run v1.22.22
$ bash scripts/characterization/run-ios-inv002.sh
{"status":"listening","port":41293}
Starting iOS characterization (simulator iPhone 17 Pro, APP_CHARACTERIZATION via .env.characterization)
npm warn Unknown env config "version-git-tag". This will stop working in the next major version of npm. See `npm help npmrc` for supported config options.
npm warn Unknown env config "argv". This will stop working in the next major version of npm. See `npm help npmrc` for supported config options.
npm warn Unknown env config "version-commit-hooks". This will stop working in the next major version of npm. See `npm help npmrc` for supported config options.
npm warn Unknown env config "version-git-message". This will stop working in the next major version of npm. See `npm help npmrc` for supported config options.
npm warn Unknown env config "version-tag-prefix". This will stop working in the next major version of npm. See `npm help npmrc` for supported config options.
info Another process is running on port 8081.
[?25l? Use port 8082 instead? › - Use arrow-keys. Return to submit.
❯   Yes
    No
run-ios exited before characterization marker
npm warn Unknown env config "version-git-tag". This will stop working in the next major version of npm. See `npm help npmrc` for supported config options.
npm warn Unknown env config "argv". This will stop working in the next major version of npm. See `npm help npmrc` for supported config options.
npm warn Unknown env config "version-commit-hooks". This will stop working in the next major version of npm. See `npm help npmrc` for supported config options.
npm warn Unknown env config "version-git-message". This will stop working in the next major version of npm. See `npm help npmrc` for supported config options.
npm warn Unknown env config "version-tag-prefix". This will stop working in the next major version of npm. See `npm help npmrc` for supported config options.
info Another process is running on port 8081.
[?25l? Use port 8082 instead? › - Use arrow-keys. Return to submit.
❯   Yes
    No
error Command failed with exit code 1.
info Visit https://yarnpkg.com/en/docs/cli/run for documentation about this command.
