yarn run v1.22.22
$ bash scripts/characterization/run-ios-inv002.sh
{"status":"listening","port":41293}
reading env file from /Users/nha-tran/multica_workspaces/lingo-bites-aae2c64004a9/ling-93-8ace9a8e38be/workdir/LingoBites-App and writing .config to /Users/nha-tran/multica_workspaces/lingo-bites-aae2c64004a9/ling-93-8ace9a8e38be/workdir/LingoBites-App/ios/tmp.xcconfig
going to read env file from root folder /Users/nha-tran/multica_workspaces/lingo-bites-aae2c64004a9/ling-93-8ace9a8e38be/workdir/LingoBites-App
Starting iOS characterization (simulator iPhone 17 Pro, APP_CHARACTERIZATION via .env.characterization)
npm warn Unknown env config "version-git-tag". This will stop working in the next major version of npm. See `npm help npmrc` for supported config options.
npm warn Unknown env config "argv". This will stop working in the next major version of npm. See `npm help npmrc` for supported config options.
npm warn Unknown env config "version-commit-hooks". This will stop working in the next major version of npm. See `npm help npmrc` for supported config options.
npm warn Unknown env config "version-git-message". This will stop working in the next major version of npm. See `npm help npmrc` for supported config options.
npm warn Unknown env config "version-tag-prefix". This will stop working in the next major version of npm. See `npm help npmrc` for supported config options.
info Found Xcode workspace "ScanLearnEnglish.xcworkspace"
info Building (using "xcodebuild -workspace ScanLearnEnglish.xcworkspace -configuration DebugDev -scheme Development -destination id=E8253964-95DD-483A-8C54-A5234D23537C")
- Building the app.........
- Building the app.........
- Building the app.....
- Building the app......
- Building the app..
- Building the app........
- Building the app....
- Building the app.....
- Building the app.........
- Building the app
- Building the app.......
- Building the app........
- Building the app.......
- Building the app........
- Building the app.
- Building the app...
- Building the app....
- Building the app...
- Building the app......
- Building the app........
- Building the app...
- Building the app....
- Building the app.........
- Building the app
- Building the app...
- Building the app..
- Building the app...
- Building the app......
- Building the app.........
- Building the app.........
- Building the app......
- Building the app.......
- Building the app......
- Building the app.......
- Building the app....
- Building the app.....
- Building the app.......
- Building the app....
- Building the app.........
- Building the app......
- Building the app.....
- Building the app....
- Building the app
- Building the app........
- Building the app
- Building the app..
- Building the app....
- Building the app
- Building the app........
- Building the app.........
- Building the app
- Building the app..
- Building the app...
- Building the app...
- Building the app....
- Building the app.
- Building the app...
- Building the app....
- Building the app...
- Building the app......
- Building the app.......
- Building the app.
- Building the app......
- Building the app.........
- Building the app.
- Building the app.......
- Building the app.......
- Building the app........
- Building the app.......
- Building the app....
- Building the app.....
- Building the app.
- Building the app..
- Building the app...
- Building the app.
- Building the app....
- Building the app.....
- Building the app.....
- Building the app....
- Building the app...
- Building the app.
- Building the app.......
- Building the app.....
- Building the app.........
- Building the app........
- Building the app.........
- Building the app.........
- Building the app...
- Building the app..
- Building the app......
- Building the app
- Building the app.
- Building the app
- Building the app......
- Building the app.......
- Building the app...
- Building the app......
- Building the app..
- Building the app.
- Building the app.
- Building the app.........
- Building the app.
- Building the app....
- Building the app.....
- Building the app....
- Building the app..
- Building the app.
- Building the app...
- Building the app...
- Building the app.......
- Building the app.
- Building the app..
- Building the app......
- Building the app......
- Building the app......
- Building the app....
- Building the app....
- Building the app........
- Building the app....
- Building the app.......
- Building the app.......
- Building the app.......
- Building the app........
- Building the app....
- Building the app.....
- Building the app.....
- Building the app..
- Building the app.......
- Building the app..
- Building the app.......
- Building the app.......
- Building the app.........
- Building the app.....
- Building the app.....
- Building the app.........
- Building the app.....
- Building the app..
- Building the app....
- Building the app........
- Building the app.........
- Building the app
- Building the app.........
- Building the app.........
- Building the app......
- Building the app.........
- Building the app........
- Building the app...
- Building the app......
- Building the app.
- Building the app........
- Building the app..
- Building the app..
- Building the app...
- Building the app..
- Building the app
- Building the app
- Building the app........
- Building the app..
- Building the app.....
- Building the app..
- Building the app........
- Building the app........
- Building the app..
- Building the app.......
- Building the app.......
- Building the app..
- Building the app.
- Building the app..
- Building the app.........
- Building the app.........
- Building the app.........
- Building the app.........
- Building the app........
- Building the app......
- Building the app
- Building the app........
- Building the app........
- Building the app..
- Building the app....
- Building the app
- Building the app
- Building the app.
- Building the app....
- Building the app...
- Building the app........
- Building the app....
- Building the app..
- Building the app...
- Building the app........
- Building the app......
- Building the app
- Building the app.......
- Building the app.....
- Building the app......
- Building the app.........
- Building the app
- Building the app........
- Building the app
- Building the app.....
- Building the app......
- Building the app.......
- Building the app......
- Building the app...
- Building the app....
- Building the app..
- Building the app.....
- Building the app..
- Building the app.
- Building the app....
- Building the app.....
- Building the app..
- Building the app...
- Building the app.......
- Building the app.....
- Building the app.........
- Building the app.....
- Building the app......
- Building the app.....
- Building the app....
- Building the app.....
- Building the app......
- Building the app.
- Building the app...
- Building the app.....
- Building the app.......
- Building the app.........
- Building the app.
- Building the app...
- Building the app.....
- Building the app.......
- Building the app.........
- Building the app.
- Building the app...
- Building the app.........
- Building the app
- Building the app......
- Building the app..
- Building the app...
- Building the app.....
- Building the app...
- Building the app
- Building the app....
- Building the app.........
- Building the app....
- Building the app...
- Building the app....
- Building the app......
- Building the app
- Building the app....
- Building the app
- Building the app........
- Building the app.........
- Building the app...
- Building the app....
- Building the app..
- Building the app...
- Building the app.......
- Building the app...
- Building the app.
- Building the app.....
- Building the app..
- Building the app.....
- Building the app......
- Building the app.......
- Building the app.....
- Building the app.
- Building the app..
- Building the app
- Building the app...
- Building the app....
- Building the app
- Building the app.
- Building the app
- Building the app.
- Building the app.....
- Building the app.
- Building the app........
- Building the app..
- Building the app.......
- Building the app........
- Building the app
- Building the app........
- Building the app........
- Building the app......
- Building the app...
- Building the app......
- Building the app..
- Building the app.....
- Building the app.
- Building the app.........
- Building the app........
- Building the app...
- Building the app....
- Building the app..
- Building the app.......
- Building the app
- Building the app...
- Building the app........
- Building the app....
- Building the app.......
- Building the app.........
- Building the app.........
- Building the app.....
- Building the app....
- Building the app
- Building the app......
- Building the app
- Building the app....
- Building the app
- Building the app..
- Building the app......
- Building the app.......
- Building the app......
- Building the app.........
- Building the app.....
- Building the app.........
- Building the app........
- Building the app.....
- Building the app.......
- Building the app.......
- Building the app........
- Building the app.....
- Building the app........
- Building the app.......
- Building the app........
- Building the app.....
- Building the app...
- Building the app....
- Building the app..
- Building the app..
- Building the app.......
- Building the app....
- Building the app.
- Building the app.....
- Building the app.........
- Building the app.....
- Building the app..
- Building the app.......
- Building the app.....
- Building the app...
- Building the app.
- Building the app.........
- Building the app..
- Building the app.....
- Building the app...
- Building the app....
- Building the app
- Building the app.......
- Building the app...
- Building the app.
- Building the app...
- Building the app.....
- Building the app......
- Building the app.
- Building the app....
- Building the app.
- Building the app....
- Building the app........
- Building the app.........
- Building the app.......
- Building the app.
- Building the app.......
- Building the app..
- Building the app...
- Building the app.....
- Building the app.......
- Building the app......
- Building the app..
- Building the app...
- Building the app........
- Building the app.
- Building the app.....
- Building the app...
- Building the app.........
- Building the app..
- Building the app..
- Building the app....
- Building the app.....
- Building the app......
- Building the app...
- Building the app.........
- Building the app
- Building the app.........
- Building the app.....
- Building the app
- Building the app.
- Building the app.
- Building the app.........
- Building the app....
- Building the app........
- Building the app......
- Building the app........
- Building the app.
- Building the app..
- Building the app.........
- Building the app.
- Building the app.
- Building the app......
- Building the app......
- Building the app.......
- Building the app........
- Building the app.........
- Building the app.......
- Building the app...
- Building the app......
- Building the app........
- Building the app
- Building the app...
- Building the app....
- Building the app....
- Building the app........
- Building the app
- Building the app...
- Building the app.....
- Building the app...
- Building the app......
- Building the app
- Building the app.
- Building the app.......
- Building the app
- Building the app.......
- Building the app..
- Building the app.......
- Building the app....
- Building the app....
- Building the app......
- Building the app.
- Building the app....
- Building the app....
- Building the app......
- Building the app...
- Building the app........
- Building the app....
- Building the app.....
- Building the app........
- Building the app.....
- Building the app......
- Building the app.......
- Building the app
- Building the app.......
- Building the app.....
- Building the app..
- Building the app....
- Building the app.
- Building the app..
- Building the app....
- Building the app.....
- Building the app...
- Building the app........
- Building the app.........
- Building the app....
- Building the app.....
- Building the app......
- Building the app........
- Building the app.........
- Building the app.
- Building the app.
- Building the app....
- Building the app.....
- Building the app
- Building the app......
- Building the app.
- Building the app.....
- Building the app.........
- Building the app........
- Building the app.......
- Building the app.........
- Building the app
- Building the app.........
- Building the app.........
- Building the app.........
- Building the app.....
- Building the app.
- Building the app......
- Building the app.
- Building the app.....
- Building the app........
- Building the app.
- Building the app.....
- Building the app......
- Building the app.......
- Building the app.........
- Building the app........
- Building the app..
- Building the app........
- Building the app.....
- Building the app..
- Building the app......
- Building the app
- Building the app......
- Building the app........
- Building the app..
- Building the app......
- Building the app.....
- Building the app......
- Building the app......
- Building the app......
- Building the app.......
- Building the app..
- Building the app.......
- Building the app........
- Building the app
- Building the app...
- Building the app......
- Building the app......
- Building the app.
- Building the app
- Building the app........
- Building the app.........
- Building the app..
- Building the app....
- Building the app.......
- Building the app...
- Building the app....
- Building the app.....
- Building the app...
- Building the app....
- Building the app.........
- Building the app...
- Building the app.
- Building the app.........
- Building the app.......
- Building the app.
- Building the app.........
- Building the app.
- Building the app.........
- Building the app.....
- Building the app.......
- Building the app.
- Building the app...
- Building the app...
- Building the app.........
- Building the app
- Building the app.....
- Building the app........
- Building the app
- Building the app.........
- Building the app.......
- Building the app........
- Building the app......
- Building the app.......
- Building the app.
- Building the app....
- Building the app.
- Building the app
- Building the app.......
- Building the app....
- Building the app.........
- Building the app.....
- Building the app.
- Building the app.........
- Building the app......
- Building the app
- Building the app.......
- Building the app..
- Building the app.
- Building the app..
- Building the app.........
- Building the app.........
- Building the app.....
- Building the app....
- Building the app
- Building the app.
- Building the app..
- Building the app..
- Building the app...
- Building the app...
- Building the app....
- Building the app..
- Building the app...
- Building the app....
- Building the app.....
- Building the app.....
- Building the app.
- Building the app.
- Building the app......
- Building the app.......
- Building the app
- Building the app........
- Building the app.........
- Building the app
- Building the app
- Building the app.......
- Building the app...
- Building the app.......
- Building the app.........
- Building the app.....
- Building the app....
- Building the app
- Building the app..
- Building the app......
- Building the app.....
- Building the app...
- Building the app....
- Building the app...
- Building the app........
- Building the app...
- Building the app.
- Building the app........
- Building the app
- Building the app.
- Building the app
- Building the app.
- Building the app.......
- Building the app.......
- Building the app......
- Building the app.......
- Building the app..
- Building the app.
- Building the app.........
- Building the app....
- Building the app.....
- Building the app....
- Building the app.....
- Building the app..
- Building the app...
- Building the app.......
- Building the app........
- Building the app.........
- Building the app
- Building the app....
- Building the app.....
- Building the app.....
- Building the app......
- Building the app.
- Building the app..
- Building the app......
- Building the app.......
- Building the app...
- Building the app......
success Successfully built the app
--- xcodebuild: WARNING: Using the first of multiple matching destinations:
{ platform:iOS Simulator, id:dvtdevice-DVTiOSDeviceSimulatorPlaceholder-iphonesimulator:placeholder, name:Any iOS Simulator Device }
{ platform:iOS Simulator, arch:arm64, id:22A2AFDC-826A-47B8-AEA9-1DE521074DF2, OS:26.5, name:SE-check }
{ platform:iOS Simulator, arch:arm64, id:98048885-FFCD-4512-ADF4-CFE6C2B26DCE, OS:26.5, name:iPad (A16) }
{ platform:iOS Simulator, arch:arm64, id:8E980208-74CB-4191-AAE7-87CBF9CE4F3B, OS:26.5, name:iPad Air 11-inch (M4) }
{ platform:iOS Simulator, arch:arm64, id:7D085811-0ECB-47EB-92D7-7170AB0ACC36, OS:26.5, name:iPad Air 13-inch (M4) }
{ platform:iOS Simulator, arch:arm64, id:66FF40D3-9056-45AB-88D6-DB1AE901C921, OS:26.5, name:iPad Pro 11-inch (M5) }
{ platform:iOS Simulator, arch:arm64, id:3317BF5F-8DDE-4F28-B1B7-1D76BD0174B6, OS:26.5, name:iPad Pro 13-inch (M5) }
{ platform:iOS Simulator, arch:arm64, id:BBB33BAD-A238-44C4-B735-75A967978368, OS:26.5, name:iPad mini (A17 Pro) }
{ platform:iOS Simulator, arch:arm64, id:B24647E7-79B0-4926-A689-9D01DEAE9F2E, OS:26.5, name:iPhone 17 }
{ platform:iOS Simulator, arch:arm64, id:E8253964-95DD-483A-8C54-A5234D23537C, OS:26.5, name:iPhone 17 Pro }
{ platform:iOS Simulator, arch:arm64, id:C526864A-F46B-4BD0-835D-1992C176E556, OS:26.5, name:iPhone 17 Pro Max }
{ platform:iOS Simulator, arch:arm64, id:5B492DF8-E7D1-4AE0-9FF9-648ECFBA5F04, OS:26.5, name:iPhone 17e }
{ platform:iOS Simulator, arch:arm64, id:A2F97605-9DE3-4C42-9A71-E4B4E8953AD3, OS:26.5, name:iPhone Air }
{ platform:macOS, arch:arm64, variant:Designed for [iPad,iPhone], id:00006000-001419A93E91801E, name:My Mac }
{ platform:iOS, id:dvtdevice-DVTiPhonePlaceholder-iphoneos:placeholder, name:Any iOS Device }
info Installing "/Users/nha-tran/Library/Developer/Xcode/DerivedData/ScanLearnEnglish-bouqcluyzxoaxdblmpawvuxkxzcq/Build/Products/DebugDev-iphonesimulator/ScanLearnEnglish.app
info Launching "com.yourcompany.lingobites.dev"
success Successfully launched the app
run-ios exited before characterization marker
- Building the app....
- Building the app.....
- Building the app....
- Building the app.....
- Building the app..
- Building the app...
- Building the app.......
- Building the app........
- Building the app.........
- Building the app
- Building the app....
- Building the app.....
- Building the app.....
- Building the app......
- Building the app.
- Building the app..
- Building the app......
- Building the app.......
- Building the app...
- Building the app......
success Successfully built the app
--- xcodebuild: WARNING: Using the first of multiple matching destinations:
{ platform:iOS Simulator, id:dvtdevice-DVTiOSDeviceSimulatorPlaceholder-iphonesimulator:placeholder, name:Any iOS Simulator Device }
{ platform:iOS Simulator, arch:arm64, id:22A2AFDC-826A-47B8-AEA9-1DE521074DF2, OS:26.5, name:SE-check }
{ platform:iOS Simulator, arch:arm64, id:98048885-FFCD-4512-ADF4-CFE6C2B26DCE, OS:26.5, name:iPad (A16) }
{ platform:iOS Simulator, arch:arm64, id:8E980208-74CB-4191-AAE7-87CBF9CE4F3B, OS:26.5, name:iPad Air 11-inch (M4) }
{ platform:iOS Simulator, arch:arm64, id:7D085811-0ECB-47EB-92D7-7170AB0ACC36, OS:26.5, name:iPad Air 13-inch (M4) }
{ platform:iOS Simulator, arch:arm64, id:66FF40D3-9056-45AB-88D6-DB1AE901C921, OS:26.5, name:iPad Pro 11-inch (M5) }
{ platform:iOS Simulator, arch:arm64, id:3317BF5F-8DDE-4F28-B1B7-1D76BD0174B6, OS:26.5, name:iPad Pro 13-inch (M5) }
{ platform:iOS Simulator, arch:arm64, id:BBB33BAD-A238-44C4-B735-75A967978368, OS:26.5, name:iPad mini (A17 Pro) }
{ platform:iOS Simulator, arch:arm64, id:B24647E7-79B0-4926-A689-9D01DEAE9F2E, OS:26.5, name:iPhone 17 }
{ platform:iOS Simulator, arch:arm64, id:E8253964-95DD-483A-8C54-A5234D23537C, OS:26.5, name:iPhone 17 Pro }
{ platform:iOS Simulator, arch:arm64, id:C526864A-F46B-4BD0-835D-1992C176E556, OS:26.5, name:iPhone 17 Pro Max }
{ platform:iOS Simulator, arch:arm64, id:5B492DF8-E7D1-4AE0-9FF9-648ECFBA5F04, OS:26.5, name:iPhone 17e }
{ platform:iOS Simulator, arch:arm64, id:A2F97605-9DE3-4C42-9A71-E4B4E8953AD3, OS:26.5, name:iPhone Air }
{ platform:macOS, arch:arm64, variant:Designed for [iPad,iPhone], id:00006000-001419A93E91801E, name:My Mac }
{ platform:iOS, id:dvtdevice-DVTiPhonePlaceholder-iphoneos:placeholder, name:Any iOS Device }
info Installing "/Users/nha-tran/Library/Developer/Xcode/DerivedData/ScanLearnEnglish-bouqcluyzxoaxdblmpawvuxkxzcq/Build/Products/DebugDev-iphonesimulator/ScanLearnEnglish.app
info Launching "com.yourcompany.lingobites.dev"
success Successfully launched the app
error Command failed with exit code 1.
info Visit https://yarnpkg.com/en/docs/cli/run for documentation about this command.
